// Jest Snapshot v1, https://goo.gl/fbAQLP

exports[`Тестирование снапшотами блока Auth Снапшот компонента модалки  1`] = `
<div
  className="authBlock"
>
  <h3>
    Авторизация (после CI\\CD)
  </h3>
  <span>
    Логин
  </span>
  <input
    name="login"
    onChange={[Function]}
    type="text"
  />
  <span>
    Пароль
  </span>
  <input
    name="password"
    onChange={[Function]}
    type="password"
  />
  <button
    onClick={[Function]}
  >
    Войти
  </button>
</div>
`;
